// Jest Snapshot v1, https://goo.gl/fbAQLP

exports[`PatientInfo component renders the component 1`] = `
<div>
  <form
    class="patient-info"
  >
    <div
      data-testid="name-container"
    >
      <label
        for="name"
      >
        Nome
        :
      </label>
      <input
        data-testid="name"
        id="name"
        type="text"
        value=""
      />
    </div>
    <div
      data-testid="medical-record-number-container"
    >
      <label
        for="medical-record-number"
      >
        Prontuário
        :
      </label>
      <input
        class="small-input"
        data-testid="medical-record-number"
        id="medical-record-number"
        type="text"
        value=""
      />
    </div>
    <div
      data-testid="medical-report-date-container"
    >
      <label
        for="medical-report-date"
      >
        Data:
      </label>
      <input
        class="input"
        data-testid="medical-report-date"
        id="medical-report-date"
        type="date"
        value="2024-08-07"
      />
    </div>
    <div
      data-testid="requester-name-container"
    >
      <label
        for="requester-name"
      >
        Solicitante
        :
      </label>
      <input
        data-testid="requester-name"
        id="requester-name"
        type="text"
        value="DRA MARIANA MACHOSKI"
      />
    </div>
    <div
      class="container"
      data-testid="birthdate-input-container"
    >
      <label
        for="birthdate"
      >
        Nascimento:
      </label>
      <input
        class="input"
        data-testid="birthdate-input"
        id="birthdate"
        type="date"
        value=""
      />
      <span
        data-testid="lifetime-span"
      />
    </div>
    <div
      data-testid="operator-name-container"
    >
      <label
        for="operator-name"
      >
        Operador
        :
      </label>
      <input
        data-testid="operator-name"
        id="operator-name"
        type="text"
        value="DRA MARIANA MACHOSKI"
      />
    </div>
    <div
      class="double-container"
      data-testid="medical-insurance-name-container"
    >
      <label
        for="medical-insurance-name"
      >
        Convênio
        :
      </label>
      <input
        data-testid="medical-insurance-name"
        id="medical-insurance-name"
        type="text"
        value=""
      />
    </div>
  </form>
</div>
`;
