// Jest Snapshot v1, https://goo.gl/fbAQLP

exports[`DoctorLogo component renders the component 1`] = `
<div>
  <a
    href="/"
  >
    <img
      alt=""
      data-nimg="1"
      decoding="async"
      height="123"
      src="/_next/image?url=%2Flogo.png&w=828&q=75"
      srcset="/_next/image?url=%2Flogo.png&w=640&q=75 1x, /_next/image?url=%2Flogo.png&w=828&q=75 2x"
      style="color: transparent;"
      width="400"
    />
  </a>
</div>
`;
