// Jest Snapshot v1, https://jestjs.io/docs/snapshot-testing

exports[`Root page renders the page 1`] = `
<div>
  <section
    class="page"
  >
    <h1
      class="title"
    >
      DM Laudos
    </h1>
    <p
      class="description"
    >
      Sistema para geração de laudos médicos
    </p>
  </section>
</div>
`;
